0 verbose cli C:\Program Files\nodejs\node.exe C:\Program Files\nodejs\node_modules\npm\bin\npm-cli.js
1 info using npm@11.17.0
2 info using node@v24.19.0
3 silly config load:file:C:\Program Files\nodejs\node_modules\npm\npmrc
4 silly config load:file:C:\Users\user\Documents\Projects\couple-budget\.npmrc
5 silly config load:file:C:\Users\user\.npmrc
6 silly config load:file:C:\Users\user\AppData\Roaming\npm\etc\npmrc
7 verbose title npm install @capacitor/app@^8.0.0
8 verbose argv "install" "@capacitor/app@^8.0.0" "--cache" ".npm-cache"
9 verbose logfile logs-max:10 dir:C:\Users\user\Documents\Projects\couple-budget\.npm-cache\_logs\2026-10-01T10_52_08_648Z-
10 verbose logfile C:\Users\user\Documents\Projects\couple-budget\.npm-cache\_logs\2026-10-01T10_52_08_648Z-debug-0.log
11 silly logfile done cleaning log files
12 silly packumentCache heap:4496293888 maxSize:1124073472 maxEntrySize:562036736
13 silly idealTree buildDeps
14 silly fetch manifest @capacitor/app@^8.0.0
15 silly packumentCache full:https://registry.npmjs.org/@capacitor%2fapp cache-miss
16 http fetch GET 200 https://registry.npmjs.org/npm 160ms
17 http fetch GET 200 https://registry.npmjs.org/@capacitor%2fapp 198ms (cache miss)
18 silly packumentCache full:https://registry.npmjs.org/@capacitor%2fapp set size:undefined disposed:false
19 silly fetch manifest @capacitor/core@^8.5.1
20 silly packumentCache full:https://registry.npmjs.org/@capacitor%2fcore cache-miss
21 http fetch GET 200 https://registry.npmjs.org/@capacitor%2fcore 297ms (cache miss)
22 silly packumentCache full:https://registry.npmjs.org/@capacitor%2fcore set size:undefined disposed:false
23 silly placeDep ROOT @capacitor/app@8.1.1 OK for: couple-budget@1.0.0 want: ^8.0.0
24 silly reify moves {}
25 silly audit bulk request {
25 silly audit   '@capacitor/android': [ '8.5.1' ],
25 silly audit   '@capacitor/cli': [ '8.5.1' ],
25 silly audit   '@capacitor/core': [ '8.5.1' ],
25 silly audit   '@capgo/capacitor-native-biometric': [ '8.6.11' ],
25 silly audit   '@ionic/cli-framework-output': [ '2.2.8' ],
25 silly audit   '@ionic/utils-array': [ '2.1.6' ],
25 silly audit   '@ionic/utils-fs': [ '3.1.7' ],
25 silly audit   'fs-extra': [ '9.1.0', '11.4.0' ],
25 silly audit   '@ionic/utils-object': [ '2.1.6' ],
25 silly audit   '@ionic/utils-process': [ '2.1.12' ],
25 silly audit   '@ionic/utils-stream': [ '3.1.7' ],
25 silly audit   '@ionic/utils-subprocess': [ '3.0.1' ],
25 silly audit   '@ionic/utils-terminal': [ '2.3.5' ],
25 silly audit   '@isaacs/fs-minipass': [ '4.0.1' ],
25 silly audit   '@types/fs-extra': [ '8.1.5' ],
25 silly audit   '@types/node': [ '26.4.1' ],
25 silly audit   '@types/slice-ansi': [ '4.0.0' ],
25 silly audit   '@xmldom/xmldom': [ '0.9.12' ],
25 silly audit   'ansi-regex': [ '5.0.1' ],
25 silly audit   'ansi-styles': [ '4.3.0' ],
25 silly audit   'astral-regex': [ '2.0.0' ],
25 silly audit   'at-least-node': [ '1.0.0' ],
25 silly audit   'balanced-match': [ '4.0.4' ],
25 silly audit   'base64-js': [ '1.5.1' ],
25 silly audit   'big-integer': [ '1.6.52' ],
25 silly audit   'bplist-creator': [ '0.1.0' ],
25 silly audit   'bplist-parser': [ '0.3.2', '0.3.1' ],
25 silly audit   'brace-expansion': [ '5.0.9' ],
25 silly audit   'buffer-crc32': [ '0.2.13' ],
25 silly audit   chownr: [ '3.0.0' ],
25 silly audit   'color-convert': [ '2.0.1' ],
25 silly audit   'color-name': [ '1.1.4' ],
25 silly audit   commander: [ '12.1.0' ],
25 silly audit   'cross-spawn': [ '7.0.6' ],
25 silly audit   debug: [ '4.4.3' ],
25 silly audit   'define-lazy-prop': [ '2.0.0' ],
25 silly audit   elementtree: [ '0.1.7' ],
25 silly audit   'emoji-regex': [ '8.0.0' ],
25 silly audit   'env-paths': [ '2.2.1' ],
25 silly audit   'fd-slicer': [ '1.1.0' ],
25 silly audit   glob: [ '13.0.6' ],
25 silly audit   'graceful-fs': [ '4.2.11' ],
25 silly audit   inherits: [ '2.0.4' ],
25 silly audit   ini: [ '4.1.3' ],
25 silly audit   'is-docker': [ '2.2.1' ],
25 silly audit   'is-fullwidth-code-point': [ '3.0.0' ],
25 silly audit   'is-wsl': [ '2.2.0' ],
25 silly audit   isexe: [ '2.0.0' ],
25 silly audit   jsonfile: [ '6.2.1' ],
25 silly audit   kleur: [ '4.1.5', '3.0.3' ],
25 silly audit   'lru-cache': [ '11.5.2' ],
25 silly audit   minimatch: [ '10.2.6' ],
25 silly audit   minipass: [ '7.1.3' ],
25 silly audit   minizlib: [ '3.1.0' ],
25 silly audit   ms: [ '2.1.3' ],
25 silly audit   'native-run': [ '2.0.3' ],
25 silly audit   open: [ '8.4.2' ],
25 silly audit   'package-json-from-dist': [ '1.0.1' ],
25 silly audit   'path-key': [ '3.1.1' ],
25 silly audit   'path-scurry': [ '2.0.2' ],
25 silly audit   pend: [ '1.2.0' ],
25 silly audit   plist: [ '3.1.1' ],
25 silly audit   prompts: [ '2.4.2' ],
25 silly audit   'readable-stream': [ '3.6.2' ],
25 silly audit   rimraf: [ '6.1.3' ],
25 silly audit   'safe-buffer': [ '5.2.1' ],
25 silly audit   sax: [ '1.1.4' ],
25 silly audit   semver: [ '7.8.5' ],
25 silly audit   'shebang-command': [ '2.0.0' ],
25 silly audit   'shebang-regex': [ '3.0.0' ],
25 silly audit   'signal-exit': [ '3.0.7' ],
25 silly audit   'simple-plist': [ '1.3.1' ],
25 silly audit   sisteransi: [ '1.0.5' ],
25 silly audit   'slice-ansi': [ '4.0.0' ],
25 silly audit   split2: [ '4.2.0' ],
25 silly audit   'stream-buffers': [ '2.2.0' ],
25 silly audit   string_decoder: [ '1.3.0' ],
25 silly audit   'string-width': [ '4.2.3' ],
25 silly audit   'strip-ansi': [ '6.0.1' ],
25 silly audit   tar: [ '7.5.22' ],
25 silly audit   through2: [ '4.0.2' ],
25 silly audit   'tree-kill': [ '1.2.2' ],
25 silly audit   tslib: [ '2.8.1' ],
25 silly audit   'undici-types': [ '8.3.0' ],
25 silly audit   universalify: [ '2.0.1' ],
25 silly audit   untildify: [ '4.0.0' ],
25 silly audit   'util-deprecate': [ '1.0.2' ],
25 silly audit   uuid: [ '7.0.3' ],
25 silly audit   which: [ '2.0.2' ],
25 silly audit   'wrap-ansi': [ '7.0.0' ],
25 silly audit   xcode: [ '3.0.1' ],
25 silly audit   xml2js: [ '0.6.2' ],
25 silly audit   xmlbuilder: [ '11.0.1', '15.1.1' ],
25 silly audit   yallist: [ '5.0.0' ],
25 silly audit   yauzl: [ '2.10.0' ],
25 silly audit   '@capacitor/app': [ '8.1.1' ]
25 silly audit }
26 http cache @capacitor/app@https://registry.npmjs.org/@capacitor/app/-/app-8.1.1.tgz 0ms (cache hit)
27 silly tarball no local data for @capacitor/app@https://registry.npmjs.org/@capacitor/app/-/app-8.1.1.tgz. Extracting by manifest.
28 http fetch POST 200 https://registry.npmjs.org/-/npm/v1/security/advisories/bulk 160ms
29 silly audit report {
29 silly audit report   'brace-expansion': [
29 silly audit report     {
29 silly audit report       id: 1240107,
29 silly audit report       url: 'https://github.com/advisories/GHSA-qhr7-859c-m2p7',
29 silly audit report       title: 'brace-expansion: DoS via uncontrolled recursion on nested brace groups causing stack exhaustion',
29 silly audit report       severity: 'high',
29 silly audit report       vulnerable_versions: '>=4.0.0 <5.0.11',
29 silly audit report       cwe: [Array],
29 silly audit report       cvss: [Object]
29 silly audit report     },
29 silly audit report     {
29 silly audit report       id: 1240111,
29 silly audit report       url: 'https://github.com/advisories/GHSA-6j4f-fj2g-mc7p',
29 silly audit report       title: 'brace-expansion: DoS via uncontrolled recursion in parseCommaParts causing stack exhaustion',
29 silly audit report       severity: 'high',
29 silly audit report       vulnerable_versions: '>=4.0.0 <5.0.10',
29 silly audit report       cwe: [Array],
29 silly audit report       cvss: [Object]
29 silly audit report     },
29 silly audit report     {
29 silly audit report       id: 1240103,
29 silly audit report       url: 'https://github.com/advisories/GHSA-q2hr-2g5m-vwhr',
29 silly audit report       title: 'brace-expansion: Quadratic-time expansion of the `{a},b}` rewrite causes CPU denial of service',
29 silly audit report       severity: 'moderate',
29 silly audit report       vulnerable_versions: '>=4.0.0 <5.0.12',
29 silly audit report       cwe: [Array],
29 silly audit report       cvss: [Object]
29 silly audit report     }
29 silly audit report   ],
29 silly audit report   uuid: [
29 silly audit report     {
29 silly audit report       id: 1119441,
29 silly audit report       url: 'https://github.com/advisories/GHSA-w5hq-g745-h8pq',
29 silly audit report       title: 'uuid: Missing buffer bounds check in v3/v5/v6 when buf is provided',
29 silly audit report       severity: 'moderate',
29 silly audit report       vulnerable_versions: '<11.1.1',
29 silly audit report       cwe: [Array],
29 silly audit report       cvss: [Object]
29 silly audit report     }
29 silly audit report   ]
29 silly audit report }
30 silly packumentCache corgi:https://registry.npmjs.org/brace-expansion cache-miss
31 silly packumentCache corgi:https://registry.npmjs.org/uuid cache-miss
32 http fetch GET 200 https://registry.npmjs.org/brace-expansion 31ms (cache miss)
33 silly packumentCache corgi:https://registry.npmjs.org/brace-expansion set size:undefined disposed:false
34 http fetch GET 200 https://registry.npmjs.org/uuid 70ms (cache miss)
35 silly packumentCache corgi:https://registry.npmjs.org/uuid set size:undefined disposed:false
36 silly packumentCache corgi:https://registry.npmjs.org/minimatch cache-miss
37 http fetch GET 200 https://registry.npmjs.org/@capacitor/app/-/app-8.1.1.tgz 258ms (cache miss)
38 http fetch GET 200 https://registry.npmjs.org/minimatch 62ms (cache miss)
39 silly packumentCache corgi:https://registry.npmjs.org/minimatch set size:undefined disposed:false
40 silly packumentCache corgi:https://registry.npmjs.org/xcode cache-miss
41 http fetch GET 200 https://registry.npmjs.org/xcode 118ms (cache miss)
42 silly packumentCache corgi:https://registry.npmjs.org/xcode set size:undefined disposed:false
43 silly packumentCache corgi:https://registry.npmjs.org/@capacitor%2fcli cache-miss
44 http fetch GET 200 https://registry.npmjs.org/@capacitor%2fcli 366ms (cache miss)
45 silly packumentCache corgi:https://registry.npmjs.org/@capacitor%2fcli set size:undefined disposed:false
46 silly ADD node_modules/@capacitor/app
47 verbose cwd C:\Users\user\Documents\Projects\couple-budget
48 verbose os Windows_NT 10.0.26200
49 verbose node v24.19.0
50 verbose npm  v11.17.0
51 notice
51 notice New major version of npm available! 11.17.0 -> 12.2.0
51 notice Changelog: https://github.com/npm/cli/releases/tag/v12.2.0
51 notice To update run: npm install -g npm@12.2.0
51 notice  { force: true, Symbol(proc-log.meta): true }
52 verbose exit 0
53 info ok
